=== sift-128-euclidean n=50000 (03:26) ===
loaded sift-128-euclidean: base=(50000, 128) queries=(300, 128) metric=euclidean profile=dense
exact ground truth in 0.4s
sift-128-euclidean HNSW {'M': 16, 'efConstruction': 200} k=10 qp=10 rec=0.8053 med=0.023ms
sift-128-euclidean HNSW {'M': 16, 'efConstruction': 200} k=10 qp=12 rec=0.8370 med=0.024ms
sift-128-euclidean HNSW {'M': 16, 'efConstruction': 200} k=10 qp=16 rec=0.8777 med=0.030ms
sift-128-euclidean HNSW {'M': 16, 'efConstruction': 200} k=10 qp=20 rec=0.9060 med=0.033ms
sift-128-euclidean HNSW {'M': 16, 'efConstruction': 200} k=10 qp=24 rec=0.9257 med=0.039ms
sift-128-euclidean HNSW {'M': 16, 'efConstruction': 200} k=10 qp=32 rec=0.9590 med=0.049ms
sift-128-euclidean HNSW {'M': 16, 'efConstruction': 200} k=10 qp=40 rec=0.9743 med=0.055ms
sift-128-euclidean HNSW {'M': 16, 'efConstruction': 200} k=10 qp=48 rec=0.9820 med=0.068ms
sift-128-euclidean HNSW {'M': 16, 'efConstruction': 200} k=10 qp=64 rec=0.9893 med=0.083ms
sift-128-euclidean HNSW {'M': 16, 'efConstruction': 200} k=10 qp=80 rec=0.9940 med=0.102ms
sift-128-euclidean HNSW {'M': 16, 'efConstruction': 200} k=10 qp=96 rec=0.9963 med=0.129ms
sift-128-euclidean HNSW {'M': 16, 'efConstruction': 200} k=10 qp=128 rec=0.9983 med=0.164ms
sift-128-euclidean HNSW {'M': 16, 'efConstruction': 200} k=10 qp=160 rec=0.9997 med=0.262ms
sift-128-euclidean HNSW {'M': 16, 'efConstruction': 200} k=10 qp=192 rec=1.0000 med=0.312ms
sift-128-euclidean HNSW {'M': 16, 'efConstruction': 200} k=10 qp=256 rec=1.0000 med=0.338ms
sift-128-euclidean HNSW {'M': 16, 'efConstruction': 200} k=10 qp=320 rec=1.0000 med=0.385ms
sift-128-euclidean HNSW {'M': 16, 'efConstruction': 200} k=10 qp=384 rec=1.0000 med=0.435ms
sift-128-euclidean HNSW {'M': 16, 'efConstruction': 200} k=10 qp=512 rec=1.0000 med=0.565ms
sift-128-euclidean HNSW {'M': 16, 'efConstruction': 200} k=10 qp=640 rec=1.0000 med=0.648ms
sift-128-euclidean HNSW {'M': 16, 'efConstruction': 200} k=10 qp=768 rec=1.0000 med=0.746ms
sift-128-euclidean HNSW {'M': 16, 'efConstruction': 200} k=10 qp=1024 rec=1.0000 med=0.987ms
sift-128-euclidean IVF-Flat {'nlist': 1024} k=10 qp=1 rec=0.2693 med=0.018ms
sift-128-euclidean IVF-Flat {'nlist': 1024} k=10 qp=2 rec=0.4123 med=0.022ms
sift-128-euclidean IVF-Flat {'nlist': 1024} k=10 qp=3 rec=0.5000 med=0.025ms
sift-128-euclidean IVF-Flat {'nlist': 1024} k=10 qp=4 rec=0.5687 med=0.027ms
sift-128-euclidean IVF-Flat {'nlist': 1024} k=10 qp=6 rec=0.6743 med=0.031ms
sift-128-euclidean IVF-Flat {'nlist': 1024} k=10 qp=8 rec=0.7377 med=0.035ms
sift-128-euclidean IVF-Flat {'nlist': 1024} k=10 qp=12 rec=0.8150 med=0.052ms
sift-128-euclidean IVF-Flat {'nlist': 1024} k=10 qp=16 rec=0.8660 med=0.058ms
sift-128-euclidean IVF-Flat {'nlist': 1024} k=10 qp=24 rec=0.9177 med=0.070ms
sift-128-euclidean IVF-Flat {'nlist': 1024} k=10 qp=32 rec=0.9463 med=0.140ms
sift-128-euclidean IVF-Flat {'nlist': 1024} k=10 qp=48 rec=0.9730 med=0.202ms
sift-128-euclidean IVF-Flat {'nlist': 1024} k=10 qp=64 rec=0.9853 med=0.206ms
sift-128-euclidean IVF-Flat {'nlist': 1024} k=10 qp=96 rec=0.9950 med=0.241ms
sift-128-euclidean IVF-Flat {'nlist': 1024} k=10 qp=128 rec=0.9987 med=0.262ms
sift-128-euclidean IVF-Flat {'nlist': 1024} k=10 qp=192 rec=1.0000 med=0.368ms
sift-128-euclidean IVF-Flat {'nlist': 1024} k=10 qp=256 rec=1.0000 med=0.514ms
=== sift-128-euclidean n=100000 (03:26) ===
loaded sift-128-euclidean: base=(100000, 128) queries=(300, 128) metric=euclidean profile=dense
exact ground truth in 0.5s
sift-128-euclidean HNSW {'M': 16, 'efConstruction': 200} k=10 qp=10 rec=0.7650 med=0.026ms
sift-128-euclidean HNSW {'M': 16, 'efConstruction': 200} k=10 qp=12 rec=0.8010 med=0.027ms
sift-128-euclidean HNSW {'M': 16, 'efConstruction': 200} k=10 qp=16 rec=0.8613 med=0.034ms
sift-128-euclidean HNSW {'M': 16, 'efConstruction': 200} k=10 qp=20 rec=0.8957 med=0.040ms
sift-128-euclidean HNSW {'M': 16, 'efConstruction': 200} k=10 qp=24 rec=0.9103 med=0.047ms
sift-128-euclidean HNSW {'M': 16, 'efConstruction': 200} k=10 qp=32 rec=0.9430 med=0.064ms
sift-128-euclidean HNSW {'M': 16, 'efConstruction': 200} k=10 qp=40 rec=0.9590 med=0.073ms
sift-128-euclidean HNSW {'M': 16, 'efConstruction': 200} k=10 qp=48 rec=0.9703 med=0.087ms
sift-128-euclidean HNSW {'M': 16, 'efConstruction': 200} k=10 qp=64 rec=0.9857 med=0.121ms
sift-128-euclidean HNSW {'M': 16, 'efConstruction': 200} k=10 qp=80 rec=0.9930 med=0.131ms
sift-128-euclidean HNSW {'M': 16, 'efConstruction': 200} k=10 qp=96 rec=0.9947 med=0.170ms
sift-128-euclidean HNSW {'M': 16, 'efConstruction': 200} k=10 qp=128 rec=0.9983 med=0.230ms
sift-128-euclidean HNSW {'M': 16, 'efConstruction': 200} k=10 qp=160 rec=0.9990 med=0.291ms
sift-128-euclidean HNSW {'M': 16, 'efConstruction': 200} k=10 qp=192 rec=0.9990 med=0.370ms
sift-128-euclidean HNSW {'M': 16, 'efConstruction': 200} k=10 qp=256 rec=0.9997 med=0.452ms
sift-128-euclidean HNSW {'M': 16, 'efConstruction': 200} k=10 qp=320 rec=0.9997 med=0.486ms
sift-128-euclidean HNSW {'M': 16, 'efConstruction': 200} k=10 qp=384 rec=0.9997 med=0.567ms
sift-128-euclidean HNSW {'M': 16, 'efConstruction': 200} k=10 qp=512 rec=1.0000 med=0.663ms
sift-128-euclidean HNSW {'M': 16, 'efConstruction': 200} k=10 qp=640 rec=1.0000 med=0.786ms
sift-128-euclidean HNSW {'M': 16, 'efConstruction': 200} k=10 qp=768 rec=1.0000 med=1.002ms
sift-128-euclidean HNSW {'M': 16, 'efConstruction': 200} k=10 qp=1024 rec=1.0000 med=1.198ms
sift-128-euclidean IVF-Flat {'nlist': 1024} k=10 qp=1 rec=0.2890 med=0.022ms
sift-128-euclidean IVF-Flat {'nlist': 1024} k=10 qp=2 rec=0.4213 med=0.027ms
sift-128-euclidean IVF-Flat {'nlist': 1024} k=10 qp=3 rec=0.5270 med=0.031ms
sift-128-euclidean IVF-Flat {'nlist': 1024} k=10 qp=4 rec=0.5953 med=0.035ms
sift-128-euclidean IVF-Flat {'nlist': 1024} k=10 qp=6 rec=0.6887 med=0.045ms
sift-128-euclidean IVF-Flat {'nlist': 1024} k=10 qp=8 rec=0.7523 med=0.063ms
sift-128-euclidean IVF-Flat {'nlist': 1024} k=10 qp=12 rec=0.8367 med=0.083ms
sift-128-euclidean IVF-Flat {'nlist': 1024} k=10 qp=16 rec=0.8787 med=0.096ms
sift-128-euclidean IVF-Flat {'nlist': 1024} k=10 qp=24 rec=0.9320 med=0.157ms
sift-128-euclidean IVF-Flat {'nlist': 1024} k=10 qp=32 rec=0.9583 med=0.220ms
sift-128-euclidean IVF-Flat {'nlist': 1024} k=10 qp=48 rec=0.9827 med=0.248ms
sift-128-euclidean IVF-Flat {'nlist': 1024} k=10 qp=64 rec=0.9917 med=0.296ms
sift-128-euclidean IVF-Flat {'nlist': 1024} k=10 qp=96 rec=0.9980 med=0.406ms
sift-128-euclidean IVF-Flat {'nlist': 1024} k=10 qp=128 rec=0.9983 med=0.548ms
sift-128-euclidean IVF-Flat {'nlist': 1024} k=10 qp=192 rec=1.0000 med=0.820ms
sift-128-euclidean IVF-Flat {'nlist': 1024} k=10 qp=256 rec=1.0000 med=0.836ms
=== sift-128-euclidean n=500000 (03:27) ===
loaded sift-128-euclidean: base=(500000, 128) queries=(300, 128) metric=euclidean profile=dense
exact ground truth in 3.9s
sift-128-euclidean HNSW {'M': 16, 'efConstruction': 200} k=10 qp=10 rec=0.7007 med=0.048ms
sift-128-euclidean HNSW {'M': 16, 'efConstruction': 200} k=10 qp=12 rec=0.7360 med=0.050ms
sift-128-euclidean HNSW {'M': 16, 'efConstruction': 200} k=10 qp=16 rec=0.7940 med=0.059ms
sift-128-euclidean HNSW {'M': 16, 'efConstruction': 200} k=10 qp=20 rec=0.8383 med=0.070ms
sift-128-euclidean HNSW {'M': 16, 'efConstruction': 200} k=10 qp=24 rec=0.8637 med=0.088ms
sift-128-euclidean HNSW {'M': 16, 'efConstruction': 200} k=10 qp=32 rec=0.9033 med=0.122ms
sift-128-euclidean HNSW {'M': 16, 'efConstruction': 200} k=10 qp=40 rec=0.9237 med=0.125ms
sift-128-euclidean HNSW {'M': 16, 'efConstruction': 200} k=10 qp=48 rec=0.9400 med=0.150ms
sift-128-euclidean HNSW {'M': 16, 'efConstruction': 200} k=10 qp=64 rec=0.9613 med=0.189ms
sift-128-euclidean HNSW {'M': 16, 'efConstruction': 200} k=10 qp=80 rec=0.9740 med=0.240ms
sift-128-euclidean HNSW {'M': 16, 'efConstruction': 200} k=10 qp=96 rec=0.9810 med=0.272ms
sift-128-euclidean HNSW {'M': 16, 'efConstruction': 200} k=10 qp=128 rec=0.9870 med=0.364ms
sift-128-euclidean HNSW {'M': 16, 'efConstruction': 200} k=10 qp=160 rec=0.9913 med=0.434ms
sift-128-euclidean HNSW {'M': 16, 'efConstruction': 200} k=10 qp=192 rec=0.9933 med=0.506ms
sift-128-euclidean HNSW {'M': 16, 'efConstruction': 200} k=10 qp=256 rec=0.9977 med=0.714ms
sift-128-euclidean HNSW {'M': 16, 'efConstruction': 200} k=10 qp=320 rec=0.9983 med=0.855ms
sift-128-euclidean HNSW {'M': 16, 'efConstruction': 200} k=10 qp=384 rec=0.9987 med=0.987ms
sift-128-euclidean HNSW {'M': 16, 'efConstruction': 200} k=10 qp=512 rec=1.0000 med=1.141ms
sift-128-euclidean HNSW {'M': 16, 'efConstruction': 200} k=10 qp=640 rec=1.0000 med=1.438ms
sift-128-euclidean HNSW {'M': 16, 'efConstruction': 200} k=10 qp=768 rec=1.0000 med=1.720ms
sift-128-euclidean HNSW {'M': 16, 'efConstruction': 200} k=10 qp=1024 rec=1.0000 med=2.308ms
sift-128-euclidean IVF-Flat {'nlist': 1024} k=10 qp=1 rec=0.3330 med=0.043ms
sift-128-euclidean IVF-Flat {'nlist': 1024} k=10 qp=2 rec=0.4910 med=0.073ms
sift-128-euclidean IVF-Flat {'nlist': 1024} k=10 qp=3 rec=0.5850 med=0.118ms
sift-128-euclidean IVF-Flat {'nlist': 1024} k=10 qp=4 rec=0.6450 med=0.157ms
sift-128-euclidean IVF-Flat {'nlist': 1024} k=10 qp=6 rec=0.7427 med=0.254ms
sift-128-euclidean IVF-Flat {'nlist': 1024} k=10 qp=8 rec=0.7990 med=0.296ms
sift-128-euclidean IVF-Flat {'nlist': 1024} k=10 qp=12 rec=0.8717 med=0.444ms
sift-128-euclidean IVF-Flat {'nlist': 1024} k=10 qp=16 rec=0.9103 med=0.569ms
sift-128-euclidean IVF-Flat {'nlist': 1024} k=10 qp=24 rec=0.9513 med=0.782ms
sift-128-euclidean IVF-Flat {'nlist': 1024} k=10 qp=32 rec=0.9700 med=0.870ms
sift-128-euclidean IVF-Flat {'nlist': 1024} k=10 qp=48 rec=0.9857 med=1.423ms
sift-128-euclidean IVF-Flat {'nlist': 1024} k=10 qp=64 rec=0.9923 med=1.806ms
sift-128-euclidean IVF-Flat {'nlist': 1024} k=10 qp=96 rec=0.9977 med=2.735ms
sift-128-euclidean IVF-Flat {'nlist': 1024} k=10 qp=128 rec=0.9987 med=3.318ms
sift-128-euclidean IVF-Flat {'nlist': 1024} k=10 qp=192 rec=0.9997 med=5.932ms
sift-128-euclidean IVF-Flat {'nlist': 1024} k=10 qp=256 rec=1.0000 med=7.396ms
=== sift-128-euclidean n=0 (03:30) ===
loaded sift-128-euclidean: base=(1000000, 128) queries=(300, 128) metric=euclidean profile=dense
exact ground truth in 9.7s
sift-128-euclidean HNSW {'M': 16, 'efConstruction': 200} k=10 qp=10 rec=0.6887 med=0.060ms
sift-128-euclidean HNSW {'M': 16, 'efConstruction': 200} k=10 qp=12 rec=0.7323 med=0.064ms
sift-128-euclidean HNSW {'M': 16, 'efConstruction': 200} k=10 qp=16 rec=0.7883 med=0.076ms
sift-128-euclidean HNSW {'M': 16, 'efConstruction': 200} k=10 qp=20 rec=0.8287 med=0.089ms
sift-128-euclidean HNSW {'M': 16, 'efConstruction': 200} k=10 qp=24 rec=0.8527 med=0.101ms
sift-128-euclidean HNSW {'M': 16, 'efConstruction': 200} k=10 qp=32 rec=0.8930 med=0.123ms
sift-128-euclidean HNSW {'M': 16, 'efConstruction': 200} k=10 qp=40 rec=0.9190 med=0.148ms
sift-128-euclidean HNSW {'M': 16, 'efConstruction': 200} k=10 qp=48 rec=0.9367 med=0.183ms
sift-128-euclidean HNSW {'M': 16, 'efConstruction': 200} k=10 qp=64 rec=0.9600 med=0.226ms
sift-128-euclidean HNSW {'M': 16, 'efConstruction': 200} k=10 qp=80 rec=0.9717 med=0.269ms
sift-128-euclidean HNSW {'M': 16, 'efConstruction': 200} k=10 qp=96 rec=0.9787 med=0.328ms
sift-128-euclidean HNSW {'M': 16, 'efConstruction': 200} k=10 qp=128 rec=0.9860 med=0.442ms
sift-128-euclidean HNSW {'M': 16, 'efConstruction': 200} k=10 qp=160 rec=0.9910 med=0.540ms
sift-128-euclidean HNSW {'M': 16, 'efConstruction': 200} k=10 qp=192 rec=0.9943 med=0.551ms
sift-128-euclidean HNSW {'M': 16, 'efConstruction': 200} k=10 qp=256 rec=0.9980 med=0.770ms
sift-128-euclidean HNSW {'M': 16, 'efConstruction': 200} k=10 qp=320 rec=0.9987 med=0.876ms
sift-128-euclidean HNSW {'M': 16, 'efConstruction': 200} k=10 qp=384 rec=0.9993 med=1.098ms
sift-128-euclidean HNSW {'M': 16, 'efConstruction': 200} k=10 qp=512 rec=0.9997 med=1.453ms
sift-128-euclidean HNSW {'M': 16, 'efConstruction': 200} k=10 qp=640 rec=0.9997 med=1.733ms
sift-128-euclidean HNSW {'M': 16, 'efConstruction': 200} k=10 qp=768 rec=0.9997 med=2.055ms
sift-128-euclidean HNSW {'M': 16, 'efConstruction': 200} k=10 qp=1024 rec=1.0000 med=2.614ms
sift-128-euclidean IVF-Flat {'nlist': 1024} k=10 qp=1 rec=0.3420 med=0.092ms
sift-128-euclidean IVF-Flat {'nlist': 1024} k=10 qp=2 rec=0.5107 med=0.171ms
sift-128-euclidean IVF-Flat {'nlist': 1024} k=10 qp=3 rec=0.6147 med=0.205ms
sift-128-euclidean IVF-Flat {'nlist': 1024} k=10 qp=4 rec=0.6760 med=0.309ms
sift-128-euclidean IVF-Flat {'nlist': 1024} k=10 qp=6 rec=0.7767 med=0.415ms
sift-128-euclidean IVF-Flat {'nlist': 1024} k=10 qp=8 rec=0.8233 med=0.597ms
sift-128-euclidean IVF-Flat {'nlist': 1024} k=10 qp=12 rec=0.8880 med=0.719ms
sift-128-euclidean IVF-Flat {'nlist': 1024} k=10 qp=16 rec=0.9203 med=0.964ms
sift-128-euclidean IVF-Flat {'nlist': 1024} k=10 qp=24 rec=0.9557 med=1.489ms
sift-128-euclidean IVF-Flat {'nlist': 1024} k=10 qp=32 rec=0.9760 med=1.952ms
sift-128-euclidean IVF-Flat {'nlist': 1024} k=10 qp=48 rec=0.9893 med=2.922ms
sift-128-euclidean IVF-Flat {'nlist': 1024} k=10 qp=64 rec=0.9963 med=3.621ms
sift-128-euclidean IVF-Flat {'nlist': 1024} k=10 qp=96 rec=0.9993 med=5.453ms
sift-128-euclidean IVF-Flat {'nlist': 1024} k=10 qp=128 rec=1.0000 med=7.779ms
sift-128-euclidean IVF-Flat {'nlist': 1024} k=10 qp=192 rec=1.0000 med=11.276ms
sift-128-euclidean IVF-Flat {'nlist': 1024} k=10 qp=256 rec=1.0000 med=14.150ms
=== glove-100-angular n=50000 (03:36) ===
loaded glove-100-angular: base=(50000, 100) queries=(300, 100) metric=angular profile=dense
exact ground truth in 0.2s
glove-100-angular HNSW {'M': 16, 'efConstruction': 200} k=10 qp=10 rec=0.5617 med=0.022ms
glove-100-angular HNSW {'M': 16, 'efConstruction': 200} k=10 qp=12 rec=0.6003 med=0.024ms
glove-100-angular HNSW {'M': 16, 'efConstruction': 200} k=10 qp=16 rec=0.6523 med=0.030ms
glove-100-angular HNSW {'M': 16, 'efConstruction': 200} k=10 qp=20 rec=0.6887 med=0.034ms
glove-100-angular HNSW {'M': 16, 'efConstruction': 200} k=10 qp=24 rec=0.7143 med=0.039ms
glove-100-angular HNSW {'M': 16, 'efConstruction': 200} k=10 qp=32 rec=0.7623 med=0.054ms
glove-100-angular HNSW {'M': 16, 'efConstruction': 200} k=10 qp=40 rec=0.7947 med=0.056ms
glove-100-angular HNSW {'M': 16, 'efConstruction': 200} k=10 qp=48 rec=0.8177 med=0.065ms
glove-100-angular HNSW {'M': 16, 'efConstruction': 200} k=10 qp=64 rec=0.8540 med=0.087ms
glove-100-angular HNSW {'M': 16, 'efConstruction': 200} k=10 qp=80 rec=0.8740 med=0.107ms
glove-100-angular HNSW {'M': 16, 'efConstruction': 200} k=10 qp=96 rec=0.8923 med=0.123ms
glove-100-angular HNSW {'M': 16, 'efConstruction': 200} k=10 qp=128 rec=0.9160 med=0.163ms
glove-100-angular HNSW {'M': 16, 'efConstruction': 200} k=10 qp=160 rec=0.9363 med=0.203ms
glove-100-angular HNSW {'M': 16, 'efConstruction': 200} k=10 qp=192 rec=0.9467 med=0.273ms
glove-100-angular HNSW {'M': 16, 'efConstruction': 200} k=10 qp=256 rec=0.9633 med=0.326ms
glove-100-angular HNSW {'M': 16, 'efConstruction': 200} k=10 qp=320 rec=0.9720 med=0.514ms
glove-100-angular HNSW {'M': 16, 'efConstruction': 200} k=10 qp=384 rec=0.9790 med=0.499ms
glove-100-angular HNSW {'M': 16, 'efConstruction': 200} k=10 qp=512 rec=0.9860 med=0.661ms
glove-100-angular HNSW {'M': 16, 'efConstruction': 200} k=10 qp=640 rec=0.9903 med=0.768ms
glove-100-angular HNSW {'M': 16, 'efConstruction': 200} k=10 qp=768 rec=0.9937 med=1.013ms
glove-100-angular HNSW {'M': 16, 'efConstruction': 200} k=10 qp=1024 rec=0.9960 med=1.170ms
glove-100-angular IVF-Flat {'nlist': 1024} k=10 qp=1 rec=0.2860 med=0.017ms
glove-100-angular IVF-Flat {'nlist': 1024} k=10 qp=2 rec=0.4067 med=0.029ms
glove-100-angular IVF-Flat {'nlist': 1024} k=10 qp=3 rec=0.4710 med=0.023ms
glove-100-angular IVF-Flat {'nlist': 1024} k=10 qp=4 rec=0.5240 med=0.024ms
glove-100-angular IVF-Flat {'nlist': 1024} k=10 qp=6 rec=0.5920 med=0.028ms
glove-100-angular IVF-Flat {'nlist': 1024} k=10 qp=8 rec=0.6407 med=0.031ms
glove-100-angular IVF-Flat {'nlist': 1024} k=10 qp=12 rec=0.7007 med=0.038ms
glove-100-angular IVF-Flat {'nlist': 1024} k=10 qp=16 rec=0.7333 med=0.049ms
glove-100-angular IVF-Flat {'nlist': 1024} k=10 qp=24 rec=0.7847 med=0.067ms
glove-100-angular IVF-Flat {'nlist': 1024} k=10 qp=32 rec=0.8203 med=0.088ms
glove-100-angular IVF-Flat {'nlist': 1024} k=10 qp=48 rec=0.8697 med=0.112ms
glove-100-angular IVF-Flat {'nlist': 1024} k=10 qp=64 rec=0.8970 med=0.206ms
glove-100-angular IVF-Flat {'nlist': 1024} k=10 qp=96 rec=0.9270 med=0.223ms
glove-100-angular IVF-Flat {'nlist': 1024} k=10 qp=128 rec=0.9460 med=0.278ms
glove-100-angular IVF-Flat {'nlist': 1024} k=10 qp=192 rec=0.9650 med=0.369ms
glove-100-angular IVF-Flat {'nlist': 1024} k=10 qp=256 rec=0.9820 med=0.462ms
=== glove-100-angular n=100000 (03:37) ===
loaded glove-100-angular: base=(100000, 100) queries=(300, 100) metric=angular profile=dense
exact ground truth in 0.3s
glove-100-angular HNSW {'M': 16, 'efConstruction': 200} k=10 qp=10 rec=0.5350 med=0.049ms
glove-100-angular HNSW {'M': 16, 'efConstruction': 200} k=10 qp=12 rec=0.5670 med=0.030ms
glove-100-angular HNSW {'M': 16, 'efConstruction': 200} k=10 qp=16 rec=0.6163 med=0.036ms
glove-100-angular HNSW {'M': 16, 'efConstruction': 200} k=10 qp=20 rec=0.6523 med=0.040ms
glove-100-angular HNSW {'M': 16, 'efConstruction': 200} k=10 qp=24 rec=0.6793 med=0.051ms
glove-100-angular HNSW {'M': 16, 'efConstruction': 200} k=10 qp=32 rec=0.7300 med=0.069ms
glove-100-angular HNSW {'M': 16, 'efConstruction': 200} k=10 qp=40 rec=0.7623 med=0.076ms
glove-100-angular HNSW {'M': 16, 'efConstruction': 200} k=10 qp=48 rec=0.7947 med=0.106ms
glove-100-angular HNSW {'M': 16, 'efConstruction': 200} k=10 qp=64 rec=0.8290 med=0.134ms
glove-100-angular HNSW {'M': 16, 'efConstruction': 200} k=10 qp=80 rec=0.8580 med=0.151ms
glove-100-angular HNSW {'M': 16, 'efConstruction': 200} k=10 qp=96 rec=0.8733 med=0.169ms
glove-100-angular HNSW {'M': 16, 'efConstruction': 200} k=10 qp=128 rec=0.9010 med=0.218ms
glove-100-angular HNSW {'M': 16, 'efConstruction': 200} k=10 qp=160 rec=0.9200 med=0.268ms
glove-100-angular HNSW {'M': 16, 'efConstruction': 200} k=10 qp=192 rec=0.9330 med=0.340ms
glove-100-angular HNSW {'M': 16, 'efConstruction': 200} k=10 qp=256 rec=0.9513 med=0.446ms
glove-100-angular HNSW {'M': 16, 'efConstruction': 200} k=10 qp=320 rec=0.9607 med=0.593ms
glove-100-angular HNSW {'M': 16, 'efConstruction': 200} k=10 qp=384 rec=0.9707 med=0.705ms
glove-100-angular HNSW {'M': 16, 'efConstruction': 200} k=10 qp=512 rec=0.9813 med=1.011ms
glove-100-angular HNSW {'M': 16, 'efConstruction': 200} k=10 qp=640 rec=0.9893 med=1.117ms
glove-100-angular HNSW {'M': 16, 'efConstruction': 200} k=10 qp=768 rec=0.9903 med=1.408ms
glove-100-angular HNSW {'M': 16, 'efConstruction': 200} k=10 qp=1024 rec=0.9943 med=1.682ms
glove-100-angular IVF-Flat {'nlist': 1024} k=10 qp=1 rec=0.3057 med=0.020ms
glove-100-angular IVF-Flat {'nlist': 1024} k=10 qp=2 rec=0.4163 med=0.026ms
glove-100-angular IVF-Flat {'nlist': 1024} k=10 qp=3 rec=0.4890 med=0.028ms
glove-100-angular IVF-Flat {'nlist': 1024} k=10 qp=4 rec=0.5300 med=0.032ms
glove-100-angular IVF-Flat {'nlist': 1024} k=10 qp=6 rec=0.5903 med=0.044ms
glove-100-angular IVF-Flat {'nlist': 1024} k=10 qp=8 rec=0.6343 med=0.058ms
glove-100-angular IVF-Flat {'nlist': 1024} k=10 qp=12 rec=0.7007 med=0.074ms
glove-100-angular IVF-Flat {'nlist': 1024} k=10 qp=16 rec=0.7420 med=0.088ms
glove-100-angular IVF-Flat {'nlist': 1024} k=10 qp=24 rec=0.7880 med=0.115ms
glove-100-angular IVF-Flat {'nlist': 1024} k=10 qp=32 rec=0.8193 med=0.159ms
glove-100-angular IVF-Flat {'nlist': 1024} k=10 qp=48 rec=0.8677 med=0.226ms
glove-100-angular IVF-Flat {'nlist': 1024} k=10 qp=64 rec=0.8943 med=0.299ms
glove-100-angular IVF-Flat {'nlist': 1024} k=10 qp=96 rec=0.9293 med=0.339ms
glove-100-angular IVF-Flat {'nlist': 1024} k=10 qp=128 rec=0.9520 med=0.531ms
glove-100-angular IVF-Flat {'nlist': 1024} k=10 qp=192 rec=0.9717 med=0.783ms
glove-100-angular IVF-Flat {'nlist': 1024} k=10 qp=256 rec=0.9813 med=0.719ms
=== glove-100-angular n=500000 (03:38) ===
loaded glove-100-angular: base=(500000, 100) queries=(300, 100) metric=angular profile=dense
exact ground truth in 3.6s
glove-100-angular HNSW {'M': 16, 'efConstruction': 200} k=10 qp=10 rec=0.4580 med=0.047ms
glove-100-angular HNSW {'M': 16, 'efConstruction': 200} k=10 qp=12 rec=0.4910 med=0.054ms
glove-100-angular HNSW {'M': 16, 'efConstruction': 200} k=10 qp=16 rec=0.5473 med=0.070ms
glove-100-angular HNSW {'M': 16, 'efConstruction': 200} k=10 qp=20 rec=0.5933 med=0.080ms
glove-100-angular HNSW {'M': 16, 'efConstruction': 200} k=10 qp=24 rec=0.6270 med=0.095ms
glove-100-angular HNSW {'M': 16, 'efConstruction': 200} k=10 qp=32 rec=0.6800 med=0.108ms
glove-100-angular HNSW {'M': 16, 'efConstruction': 200} k=10 qp=40 rec=0.7190 med=0.132ms
glove-100-angular HNSW {'M': 16, 'efConstruction': 200} k=10 qp=48 rec=0.7400 med=0.153ms
glove-100-angular HNSW {'M': 16, 'efConstruction': 200} k=10 qp=64 rec=0.7683 med=0.196ms
glove-100-angular HNSW {'M': 16, 'efConstruction': 200} k=10 qp=80 rec=0.8000 med=0.232ms
glove-100-angular HNSW {'M': 16, 'efConstruction': 200} k=10 qp=96 rec=0.8187 med=0.292ms
glove-100-angular HNSW {'M': 16, 'efConstruction': 200} k=10 qp=128 rec=0.8467 med=0.389ms
glove-100-angular HNSW {'M': 16, 'efConstruction': 200} k=10 qp=160 rec=0.8650 med=0.434ms
glove-100-angular HNSW {'M': 16, 'efConstruction': 200} k=10 qp=192 rec=0.8847 med=0.492ms
glove-100-angular HNSW {'M': 16, 'efConstruction': 200} k=10 qp=256 rec=0.9053 med=0.715ms
glove-100-angular HNSW {'M': 16, 'efConstruction': 200} k=10 qp=320 rec=0.9193 med=0.846ms
glove-100-angular HNSW {'M': 16, 'efConstruction': 200} k=10 qp=384 rec=0.9287 med=1.055ms
glove-100-angular HNSW {'M': 16, 'efConstruction': 200} k=10 qp=512 rec=0.9443 med=1.460ms
glove-100-angular HNSW {'M': 16, 'efConstruction': 200} k=10 qp=640 rec=0.9520 med=1.550ms
glove-100-angular HNSW {'M': 16, 'efConstruction': 200} k=10 qp=768 rec=0.9593 med=1.881ms
glove-100-angular HNSW {'M': 16, 'efConstruction': 200} k=10 qp=1024 rec=0.9723 med=2.412ms
glove-100-angular IVF-Flat {'nlist': 1024} k=10 qp=1 rec=0.3643 med=0.045ms
glove-100-angular IVF-Flat {'nlist': 1024} k=10 qp=2 rec=0.5000 med=0.075ms
glove-100-angular IVF-Flat {'nlist': 1024} k=10 qp=3 rec=0.5660 med=0.105ms
glove-100-angular IVF-Flat {'nlist': 1024} k=10 qp=4 rec=0.6213 med=0.141ms
glove-100-angular IVF-Flat {'nlist': 1024} k=10 qp=6 rec=0.6837 med=0.192ms
glove-100-angular IVF-Flat {'nlist': 1024} k=10 qp=8 rec=0.7287 med=0.238ms
glove-100-angular IVF-Flat {'nlist': 1024} k=10 qp=12 rec=0.7733 med=0.349ms
glove-100-angular IVF-Flat {'nlist': 1024} k=10 qp=16 rec=0.8050 med=0.447ms
glove-100-angular IVF-Flat {'nlist': 1024} k=10 qp=24 rec=0.8477 med=0.605ms
glove-100-angular IVF-Flat {'nlist': 1024} k=10 qp=32 rec=0.8730 med=0.849ms
glove-100-angular IVF-Flat {'nlist': 1024} k=10 qp=48 rec=0.9097 med=1.299ms
glove-100-angular IVF-Flat {'nlist': 1024} k=10 qp=64 rec=0.9303 med=1.711ms
glove-100-angular IVF-Flat {'nlist': 1024} k=10 qp=96 rec=0.9520 med=2.449ms
glove-100-angular IVF-Flat {'nlist': 1024} k=10 qp=128 rec=0.9670 med=3.215ms
glove-100-angular IVF-Flat {'nlist': 1024} k=10 qp=192 rec=0.9807 med=4.689ms
glove-100-angular IVF-Flat {'nlist': 1024} k=10 qp=256 rec=0.9887 med=6.351ms
=== glove-100-angular n=0 (03:41) ===
loaded glove-100-angular: base=(1183514, 100) queries=(300, 100) metric=angular profile=dense
exact ground truth in 7.6s
glove-100-angular HNSW {'M': 16, 'efConstruction': 200} k=10 qp=10 rec=0.4637 med=0.055ms
glove-100-angular HNSW {'M': 16, 'efConstruction': 200} k=10 qp=12 rec=0.5000 med=0.058ms
glove-100-angular HNSW {'M': 16, 'efConstruction': 200} k=10 qp=16 rec=0.5337 med=0.067ms
glove-100-angular HNSW {'M': 16, 'efConstruction': 200} k=10 qp=20 rec=0.5817 med=0.087ms
glove-100-angular HNSW {'M': 16, 'efConstruction': 200} k=10 qp=24 rec=0.6147 med=0.095ms
glove-100-angular HNSW {'M': 16, 'efConstruction': 200} k=10 qp=32 rec=0.6587 med=0.122ms
glove-100-angular HNSW {'M': 16, 'efConstruction': 200} k=10 qp=40 rec=0.6953 med=0.143ms
glove-100-angular HNSW {'M': 16, 'efConstruction': 200} k=10 qp=48 rec=0.7277 med=0.163ms
glove-100-angular HNSW {'M': 16, 'efConstruction': 200} k=10 qp=64 rec=0.7650 med=0.218ms
glove-100-angular HNSW {'M': 16, 'efConstruction': 200} k=10 qp=80 rec=0.7933 med=0.272ms
glove-100-angular HNSW {'M': 16, 'efConstruction': 200} k=10 qp=96 rec=0.8077 med=0.482ms
glove-100-angular HNSW {'M': 16, 'efConstruction': 200} k=10 qp=128 rec=0.8350 med=0.411ms
glove-100-angular HNSW {'M': 16, 'efConstruction': 200} k=10 qp=160 rec=0.8520 med=0.501ms
glove-100-angular HNSW {'M': 16, 'efConstruction': 200} k=10 qp=192 rec=0.8643 med=0.582ms
glove-100-angular HNSW {'M': 16, 'efConstruction': 200} k=10 qp=256 rec=0.8853 med=0.753ms
glove-100-angular HNSW {'M': 16, 'efConstruction': 200} k=10 qp=320 rec=0.8990 med=0.945ms
glove-100-angular HNSW {'M': 16, 'efConstruction': 200} k=10 qp=384 rec=0.9100 med=1.175ms
glove-100-angular HNSW {'M': 16, 'efConstruction': 200} k=10 qp=512 rec=0.9253 med=1.572ms
glove-100-angular HNSW {'M': 16, 'efConstruction': 200} k=10 qp=640 rec=0.9383 med=1.792ms
glove-100-angular HNSW {'M': 16, 'efConstruction': 200} k=10 qp=768 rec=0.9453 med=1.959ms
glove-100-angular HNSW {'M': 16, 'efConstruction': 200} k=10 qp=1024 rec=0.9560 med=2.753ms
glove-100-angular IVF-Flat {'nlist': 1024} k=10 qp=1 rec=0.4063 med=0.087ms
glove-100-angular IVF-Flat {'nlist': 1024} k=10 qp=2 rec=0.5350 med=0.165ms
glove-100-angular IVF-Flat {'nlist': 1024} k=10 qp=3 rec=0.6053 med=0.229ms
glove-100-angular IVF-Flat {'nlist': 1024} k=10 qp=4 rec=0.6517 med=0.303ms
glove-100-angular IVF-Flat {'nlist': 1024} k=10 qp=6 rec=0.7077 med=0.502ms
glove-100-angular IVF-Flat {'nlist': 1024} k=10 qp=8 rec=0.7440 med=0.558ms
glove-100-angular IVF-Flat {'nlist': 1024} k=10 qp=12 rec=0.7900 med=0.817ms
glove-100-angular IVF-Flat {'nlist': 1024} k=10 qp=16 rec=0.8203 med=1.019ms
glove-100-angular IVF-Flat {'nlist': 1024} k=10 qp=24 rec=0.8597 med=1.751ms
glove-100-angular IVF-Flat {'nlist': 1024} k=10 qp=32 rec=0.8840 med=2.195ms
glove-100-angular IVF-Flat {'nlist': 1024} k=10 qp=48 rec=0.9070 med=2.976ms
glove-100-angular IVF-Flat {'nlist': 1024} k=10 qp=64 rec=0.9277 med=4.028ms
glove-100-angular IVF-Flat {'nlist': 1024} k=10 qp=96 rec=0.9497 med=6.288ms
glove-100-angular IVF-Flat {'nlist': 1024} k=10 qp=128 rec=0.9637 med=7.614ms
glove-100-angular IVF-Flat {'nlist': 1024} k=10 qp=192 rec=0.9777 med=12.729ms
glove-100-angular IVF-Flat {'nlist': 1024} k=10 qp=256 rec=0.9860 med=15.873ms
WEEK7 SIZE SWEEP DONE (03:49)
